[root@testjenkins safeway]# git clone https://github.com/yashudev123/mavenrepo.gi
t
Cloning into 'mavenrepo'...
remote: Enumerating objects: 3, done.
remote: Counting objects: 100% (3/3), done.
remote: Total 3 (delta 0), reused 0 (delta 0), pack-reused 0
Unpacking objects: 100% (3/3), done.
[root@testjenkins safeway]# ll
total 4
drwxr-xr-x. 3 root root  35 Jul 29 10:22 mavenrepo
-rw-r--r--. 1 root root 706 Jul 29 10:19 pom.xml
drwxr-xr-x. 3 root root  18 Jul 29 10:19 src
[root@testjenkins safeway]#  cp -r src pom.xml mavenrepo/
[root@testjenkins safeway]# cd mavenrepo
[root@testjenkins mavenrepo]# ll
total 8
-rw-r--r--. 1 root root 706 Jul 29 10:23 pom.xml
-rw-r--r--. 1 root root  11 Jul 29 10:22 README.md
drwxr-xr-x. 3 root root  18 Jul 29 10:23 src
[root@testjenkins mavenrepo]# git add.
git: 'add.' is not a git command. See 'git --help'.
Did you mean this?
        add
[root@testjenkins mavenrepo]# git add .
[root@testjenkins mavenrepo]# git commit -m "maven add"
[main c82aaf7] maven add
 Committer: root <root@testjenkins.us-central1-a.c.yashugcppractice.internal>
Your name and email address were configured automatically based
on your username and hostname. Please check that they are accurate.
You can suppress this message by setting them explicitly:
    git config --global user.name "Your Name"
    git config --global user.email you@example.com
After doing this, you may fix the identity used for this commit with:
    git commit --amend --reset-author
 3 files changed, 33 insertions(+)
 create mode 100644 pom.xml
 create mode 100644 src/main/webapp/WEB-INF/web.xml
create mode 100644 src/main/webapp/index.jsp
[root@testjenkins mavenrepo]# git config --global user.name "yashudev123"
[root@testjenkins mavenrepo]# git config --global user.eamil kannekanti.yashudev@
gmail.com
[root@testjenkins mavenrepo]# git commit -m "maven add"
# On branch main
# Your branch is ahead of 'origin/main' by 1 commit.
#   (use "git push" to publish your local commits)
#
nothing to commit, working directory clean
[root@testjenkins mavenrepo]# git origin
git: 'origin' is not a git command. See 'git --help'.
[root@testjenkins mavenrepo]# git commit -m
error: switch `m' requires a value
usage: git commit [options] [--] <pathspec>...
    -q, --quiet           suppress summary after successful commit
    -v, --verbose         show diff in commit message template
Commit message options
    -F, --file <file>     read message from file
    --author <author>     override author for commit
    --date <date>         override date for commit
    -m, --message <message>
                          commit message
    -c, --reedit-message <commit>
                          reuse and edit message from specified commit
    -C, --reuse-message <commit>
                          reuse message from specified commit
    --fixup <commit>      use autosquash formatted message to fixup specified com
mit
    --squash <commit>     use autosquash formatted message to squash specified co
mmit
    --reset-author        the commit is authored by me now (used with -C/-c/--ame
nd)
    -s, --signoff         add Signed-off-by:
    -t, --template <file>
                          use specified template file
    -e, --edit            force edit of commit
    --cleanup <default>   how to strip spaces and #comments from message
    --status              include status in commit message template
    -S, --gpg-sign[=<key id>]
Commit contents options
    -a, --all             commit all changed files
    -i, --include         add specified files to index for commit
    --interactive         interactively add files
    -p, --patch           interactively add changes
    -o, --only            commit only specified files
    -n, --no-verify       bypass pre-commit hook
    --dry-run             show what would be committed
    --short               show status concisely
    --branch              show branch information
    --porcelain           machine-readable output
    --long                show status in long format (default)
    -z, --null            terminate entries with NUL
    --amend               amend previous commit
    --no-post-rewrite     bypass post-rewrite hook
    -u, --untracked-files[=<mode>]
                          show untracked files, optional modes: all, normal, no. 
(Default: all)
[root@testjenkins mavenrepo]# git commit -m "modified"
# On branch main
# Your branch is ahead of 'origin/main' by 1 commit.
#   (use "git push" to publish your local commits)
#
nothing to commit, working directory clean
[root@testjenkins mavenrepo]# git push 
warning: push.default is unset; its implicit value is changing in
Git 2.0 from 'matching' to 'simple'. To squelch this message
and maintain the current behavior after the default changes, use:
  git config --global push.default matching
To squelch this message and adopt the new behavior now, use:
  git config --global push.default simple
See 'git help config' and search for 'push.default' for further information.
(the 'simple' mode was introduced in Git 1.7.11. Use the similar mode
'current' instead of 'simple' if you sometimes use older versions of Git)
Username for 'https://github.com': yashudev123
Password for 'https://yashudev123@github.com': 
Counting objects: 10, done.
Delta compression using up to 2 threads.
Compressing objects: 100% (6/6), done.
Writing objects: 100% (9/9), 1.06 KiB | 0 bytes/s, done.
Total 9 (delta 0), reused 0 (delta 0)
To https://github.com/yashudev123/mavenrepo.git
   2fe845e..c82aaf7  main -> main
[root@testjenkins mavenrepo]# cd . .
[root@testjenkins mavenrepo]# whcih java
-bash: whcih: command not found
[root@testjenkins mavenrepo]# which java
/bin/java
[root@testjenkins mavenrepo]# cd /bin/java
-bash: cd: /bin/java: Not a directory
[root@testjenkins mavenrepo]# cd /bin/java
-bash: cd: /bin/java: Not a directory
[root@testjenkins mavenrepo]# ls -ln /bin/java
lrwxrwxrwx. 1 0 0 22 Jul 28 19:18 /bin/java -> /etc/alternatives/java
[root@testjenkins mavenrepo]# ls -ln /etc/alternatives/java
lrwxrwxrwx. 1 0 0 73 Jul 28 19:18 /etc/alternatives/java -> /usr/lib/jvm/java-1.8
.0-openjdk-1.8.0.292.b10-1.el7_9.x86_64/jre/bin/java
[root@testjenkins mavenrepo]# cd usr/lib/jvm/java-1.8
-bash: cd: usr/lib/jvm/java-1.8: No such file or directory
[root@testjenkins mavenrepo]# cd usr/lib/jvm/java-1.8.0-openjdk
-bash: cd: usr/lib/jvm/java-1.8.0-openjdk: No such file or directory
[root@testjenkins mavenrepo]# cd /usr/lib/jvm/java-1.8.0-openjdk-1.8.0
-bash: cd: /usr/lib/jvm/java-1.8.0-usr/lib/jvm/java-1.8.0-openjdkopenjdk-1.8.0: No such file or directory
[root@testjenkins mavenrepo]# cd /
[root@testjenkins java-1.8.0-openjdk]# ll
total 180